// Game: foxtrot
// Format: Valve
// entity 0
{
"mapversion" "220"
"wad" ""
"classname" "worldspawn"
// brush 0
{
( 0 -160 -16 ) ( 0 -159 -16 ) ( 0 -160 -15 ) darkmod/stone/cobblestones/blocks_uneven_blue/blocks_uneven_blue [ 0 -1 0 0 ] [ 0 0 -1 0 ] 0 1 1
( 0 -160 -16 ) ( 0 -160 -15 ) ( 1 -160 -16 ) darkmod/stone/cobblestones/blocks_uneven_blue/blocks_uneven_blue [ 1 0 0 0 ] [ 0 0 -1 0 ] 0 1 1
( 0 -160 -16 ) ( 1 -160 -16 ) ( 0 -159 -16 ) darkmod/stone/cobblestones/blocks_uneven_blue/blocks_uneven_blue [ -1 0 0 0 ] [ 0 -1 0 0 ] 0 1 1
( 176 0 0 ) ( 176 1 0 ) ( 177 0 0 ) darkmod/stone/cobblestones/blocks_uneven_blue/blocks_uneven_blue [ 1 0 0 0 ] [ 0 -1 0 0 ] 0 1 1
( 176 0 0 ) ( 177 0 0 ) ( 176 0 1 ) darkmod/stone/cobblestones/blocks_uneven_blue/blocks_uneven_blue [ -1 0 0 0 ] [ 0 0 -1 0 ] 0 1 1
( 176 0 0 ) ( 176 0 1 ) ( 176 1 0 ) darkmod/stone/cobblestones/blocks_uneven_blue/blocks_uneven_blue [ 0 1 0 0 ] [ 0 0 -1 0 ] 0 1 1
}
}
// entity 1
{
"classname" "player"
"origin" "40 -104 56"
}
// entity 2
{
"classname" "burning_logs"
"origin" "56 -152 24"
}
// entity 3
{
"classname" "point_light"
"origin" "40 -136 8"
}
